// Jest Snapshot v1, https://goo.gl/fbAQLP

exports[`Collection renders correctly 1`] = `
<div
  className="outline collection"
>
  <div
    className="collapse"
    style={Object {}}
  />
  <div
    style={
      Object {
        "alignItems": "center",
        "display": "flex",
        "flexDirection": "row",
        "height": "40px",
        "justifyContent": "center",
        "position": "relative",
        "width": "100%",
      }
    }
  >
    <span
      style={
        Object {
          "alignItems": "center",
          "display": "flex",
          "flexDirection": "row",
          "justifyContent": "center",
        }
      }
    >
      <div
        style={
          Object {
            "alignItems": "center",
            "display": "flex",
            "flexDirection": "row",
            "justifyContent": "flex-start",
            "position": "absolute",
            "top": "0px",
            "width": "100%",
          }
        }
      >
        <p
          className="collection-title"
        >
          <strong>
            sample collection 
          </strong>
           (3)
        </p>
        <i
          className="far fa-edit"
          onClick={[Function]}
        />
      </div>
    </span>
  </div>
  <span>
    <div
      style={
        Object {
          "alignItems": "center",
          "display": "flex",
          "flexDirection": "row",
          "justifyContent": "flex-start",
          "padding": "10px",
        }
      }
    >
      <button
        aria-label={null}
        className="btn btn-link btn-md"
        onClick={[Function]}
        style={
          Object {
            "fontSize": "16px",
          }
        }
        type="button"
      >
        <i
          className="far fa-file-pdf"
        />
      </button>
      <button
        aria-label={null}
        className="btn btn-link btn-md"
        onClick={[Function]}
        style={
          Object {
            "fontSize": "16px",
          }
        }
        type="button"
      >
        <i
          className="far fa-save"
        />
      </button>
      <button
        aria-label={null}
        className="btn btn-link btn-md"
        onClick={[Function]}
        style={
          Object {
            "fontSize": "16px",
          }
        }
        type="button"
      >
        <i
          className="warn-icon fas fa-trash"
        />
      </button>
    </div>
    <div
      className="results-holder"
    >
      <div
        className="article-result"
      >
        <div
          style={
            Object {
              "alignItems": "flex-start",
              "display": "flex",
              "flexDirection": "column",
              "justifyContent": "space-around",
              "width": "100%",
            }
          }
        >
          <p
            className="article-title"
          />
          <p
            className="article-title"
          />
          <p
            className="article-title"
          >
            <strong>
                undefined
            </strong>
          </p>
        </div>
        <div
          style={
            Object {
              "alignSelf": "flex-start",
              "marginLeft": "15px",
            }
          }
        >
          <button
            aria-label={null}
            className="article-button view btn btn-secondary btn-sm"
            onClick={[Function]}
            type="button"
          >
            view article
          </button>
          <button
            aria-label={null}
            className="article-button warn btn btn-secondary btn-sm"
            onClick={[Function]}
            type="button"
          >
            remove
          </button>
        </div>
      </div>
      <div
        className="article-result"
      >
        <div
          style={
            Object {
              "alignItems": "flex-start",
              "display": "flex",
              "flexDirection": "column",
              "justifyContent": "space-around",
              "width": "100%",
            }
          }
        >
          <p
            className="article-title"
          />
          <p
            className="article-title"
          />
          <p
            className="article-title"
          >
            <strong>
                undefined
            </strong>
          </p>
        </div>
        <div
          style={
            Object {
              "alignSelf": "flex-start",
              "marginLeft": "15px",
            }
          }
        >
          <button
            aria-label={null}
            className="article-button view btn btn-secondary btn-sm"
            onClick={[Function]}
            type="button"
          >
            view article
          </button>
          <button
            aria-label={null}
            className="article-button warn btn btn-secondary btn-sm"
            onClick={[Function]}
            type="button"
          >
            remove
          </button>
        </div>
      </div>
      <div
        className="article-result"
      >
        <div
          style={
            Object {
              "alignItems": "flex-start",
              "display": "flex",
              "flexDirection": "column",
              "justifyContent": "space-around",
              "width": "100%",
            }
          }
        >
          <p
            className="article-title"
          />
          <p
            className="article-title"
          />
          <p
            className="article-title"
          >
            <strong>
                undefined
            </strong>
          </p>
        </div>
        <div
          style={
            Object {
              "alignSelf": "flex-start",
              "marginLeft": "15px",
            }
          }
        >
          <button
            aria-label={null}
            className="article-button view btn btn-secondary btn-sm"
            onClick={[Function]}
            type="button"
          >
            view article
          </button>
          <button
            aria-label={null}
            className="article-button warn btn btn-secondary btn-sm"
            onClick={[Function]}
            type="button"
          >
            remove
          </button>
        </div>
      </div>
    </div>
  </span>
</div>
`;
