// Jest Snapshot v1, https://goo.gl/fbAQLP

exports[`CommentForm renders correctly 1`] = `
<div
  style={
    Object {
      "marginTop": "25px",
    }
  }
>
  <p
    style={
      Object {
        "color": "black",
        "margin": "5px 20px",
      }
    }
  >
    Have something to say about this thread? Add a comment to join the discussion.
  </p>
  <textarea
    className="form-control"
    onChange={[Function]}
    placeholder="Your comment here"
    style={
      Object {
        "borderRadius": "6px",
        "margin": "15px auto",
        "padding": "8px",
        "width": "95%",
      }
    }
  />
  <div
    style={
      Object {
        "alignItems": "center",
        "alignSelf": "flex-end",
        "display": "flex",
        "flexDirection": "row",
        "justifyContent": "center",
      }
    }
  >
    <button
      aria-label={null}
      className="add article-button btn btn-secondary btn-sm"
      onClick={[Function]}
      type="button"
    >
      post comment
    </button>
    <button
      aria-label={null}
      className="back article-button btn btn-secondary btn-sm"
      onClick={[Function]}
      type="button"
    >
      cancel
    </button>
  </div>
</div>
`;
