// Jest Snapshot v1, https://goo.gl/fbAQLP

exports[`Comment renders correctly 1`] = `
<div
  className="comment"
>
  <p
    className="comment-title"
  >
    <i
      className="far fa-user"
    />
     Jeff says: 
  </p>
  <p
    className="comment-text"
  >
    This article seems to lack source material for the conclusions drawn in the discussion.
  </p>
</div>
`;
