// Jest Snapshot v1, https://goo.gl/fbAQLP

exports[`CollectionPage renders correctly 1`] = `
<div
  className="search-page page"
>
  <div
    className="glass"
  >
    <div
      className="heading"
    >
      <h2
        className="title"
      >
        PMC Collections
      </h2>
      <h4
        className="subtitle"
      >
        create & share lists of resources
      </h4>
    </div>
    <div
      className="outline"
    >
      <div
        className="row"
        style={
          Object {
            "backgroundColor": "rgba(0, 0, 0, 0.24)",
            "borderRadius": "8px",
            "padding": "15px",
            "width": "100%",
          }
        }
      >
        <div
          className="row"
        >
          <p
            className="collection-title"
          >
            <strong>
              first collection 
            </strong>
             [ 10 ]
          </p>
        </div>
        <div
          style={
            Object {
              "padding": "10px",
            }
          }
        >
          <button
            aria-label={null}
            className="add article-button btn btn-secondary btn-sm"
            onClick={[Function]}
            type="button"
          >
            preview
          </button>
        </div>
      </div>
      <div
        className="article-result"
      >
        <div
          style={
            Object {
              "alignItems": "flex-start",
              "display": "flex",
              "flexDirection": "column",
              "justifyContent": "space-around",
              "width": "100%",
            }
          }
        >
          <p
            className="article-title"
          >
            Improving access to Indigenous medicine for patients in hospital-based settings: a challenge for health systems in northern Canada.
          </p>
          <p
            className="article-title"
          >
            Redvers N, Marianayagam J, Blondin B.
          </p>
          <p
            className="article-title"
          >
            International journal of circumpolar health  
            <strong>
                2019
            </strong>
          </p>
        </div>
        <div
          style={
            Object {
              "alignSelf": "flex-start",
              "marginLeft": "15px",
            }
          }
        >
          <button
            aria-label={null}
            className="article-button view btn btn-secondary btn-sm"
            onClick={[Function]}
            type="button"
          >
            view article
          </button>
          <button
            aria-label={null}
            className="article-button warn btn btn-secondary btn-sm"
            onClick={[Function]}
            type="button"
          >
            remove
          </button>
        </div>
      </div>
      <div
        className="article-result"
      >
        <div
          style={
            Object {
              "alignItems": "flex-start",
              "display": "flex",
              "flexDirection": "column",
              "justifyContent": "space-around",
              "width": "100%",
            }
          }
        >
          <p
            className="article-title"
          >
            Serotype Distribution and Antimicrobial Resistance of Invasive and Noninvasive Streptococcus pneumoniae Isolates in Korea between 2014 and 2016.
          </p>
          <p
            className="article-title"
          >
            Park DC, Kim SH, Yong D, Suh IB, Kim YR, Yi J, Song W, Song SA, Moon HW, Lee HK, Park KU, Kim S, Jeong SH, Lee J, Jeong J, Kim YK, Lee M, Cho J, Kim JW, Shin KS, Hwang SH, Chung JW, Woo HI, Lee CH, Ryoo N, Chang CL, Kim HS, Kim J, Shin JH, Kim SH, Lee MK, Lee SG, Jang SJ, Lee K, Suh H, Sohn YH, Kwon MJ, Lee HJ, Hong KH, Woo KS, Park CM, Shin JH.
          </p>
          <p
            className="article-title"
          >
            Annals of laboratory medicine  
            <strong>
                2019
            </strong>
          </p>
        </div>
        <div
          style={
            Object {
              "alignSelf": "flex-start",
              "marginLeft": "15px",
            }
          }
        >
          <button
            aria-label={null}
            className="article-button view btn btn-secondary btn-sm"
            onClick={[Function]}
            type="button"
          >
            view article
          </button>
          <button
            aria-label={null}
            className="article-button warn btn btn-secondary btn-sm"
            onClick={[Function]}
            type="button"
          >
            remove
          </button>
        </div>
      </div>
      <div
        className="article-result"
      >
        <div
          style={
            Object {
              "alignItems": "flex-start",
              "display": "flex",
              "flexDirection": "column",
              "justifyContent": "space-around",
              "width": "100%",
            }
          }
        >
          <p
            className="article-title"
          >
            Long-term safety and efficacy of deferasirox in patients with myelodysplastic syndrome, aplastic anemia and other rare anemia in Taiwan.
          </p>
          <p
            className="article-title"
          >
            Ko BS, Chang MC, Chiou TJ, Chang TK, Chen YC, Lin SF, Chang CS, Lu YC, Yeh SP, Chen TY, Hwang WS.
          </p>
          <p
            className="article-title"
          >
            Hematology (Amsterdam, Netherlands)  
            <strong>
                2019
            </strong>
          </p>
        </div>
        <div
          style={
            Object {
              "alignSelf": "flex-start",
              "marginLeft": "15px",
            }
          }
        >
          <button
            aria-label={null}
            className="article-button view btn btn-secondary btn-sm"
            onClick={[Function]}
            type="button"
          >
            view article
          </button>
          <button
            aria-label={null}
            className="article-button warn btn btn-secondary btn-sm"
            onClick={[Function]}
            type="button"
          >
            remove
          </button>
        </div>
      </div>
      <div
        className="article-result"
      >
        <div
          style={
            Object {
              "alignItems": "flex-start",
              "display": "flex",
              "flexDirection": "column",
              "justifyContent": "space-around",
              "width": "100%",
            }
          }
        >
          <p
            className="article-title"
          >
            Culinary medicine and community partnership: hands-on culinary skills training to empower medical students to provide patient-centered nutrition education. 
          </p>
          <p
            className="article-title"
          >
            Pang B, Memel Z, Diamant C, Clarke E, Chou S, Gregory H.
          </p>
          <p
            className="article-title"
          >
            Medical education online  
            <strong>
                2019
            </strong>
          </p>
        </div>
        <div
          style={
            Object {
              "alignSelf": "flex-start",
              "marginLeft": "15px",
            }
          }
        >
          <button
            aria-label={null}
            className="article-button view btn btn-secondary btn-sm"
            onClick={[Function]}
            type="button"
          >
            view article
          </button>
          <button
            aria-label={null}
            className="article-button warn btn btn-secondary btn-sm"
            onClick={[Function]}
            type="button"
          >
            remove
          </button>
        </div>
      </div>
      <div
        className="article-result"
      >
        <div
          style={
            Object {
              "alignItems": "flex-start",
              "display": "flex",
              "flexDirection": "column",
              "justifyContent": "space-around",
              "width": "100%",
            }
          }
        >
          <p
            className="article-title"
          >
            First Case in Korea of a Patient With Anti-PP1Pk Antibodies: Successful Blood Management via Acute Normovolemic Hemodilution.
          </p>
          <p
            className="article-title"
          >
            Ha C, Choi S, Yu H, Chun S, Kim KH, Lee JH, Han IW, Cho D.
          </p>
          <p
            className="article-title"
          >
            Annals of laboratory medicine  
            <strong>
                2019
            </strong>
          </p>
        </div>
        <div
          style={
            Object {
              "alignSelf": "flex-start",
              "marginLeft": "15px",
            }
          }
        >
          <button
            aria-label={null}
            className="article-button view btn btn-secondary btn-sm"
            onClick={[Function]}
            type="button"
          >
            view article
          </button>
          <button
            aria-label={null}
            className="article-button warn btn btn-secondary btn-sm"
            onClick={[Function]}
            type="button"
          >
            remove
          </button>
        </div>
      </div>
      <div
        className="article-result"
      >
        <div
          style={
            Object {
              "alignItems": "flex-start",
              "display": "flex",
              "flexDirection": "column",
              "justifyContent": "space-around",
              "width": "100%",
            }
          }
        >
          <p
            className="article-title"
          >
            A 360-degree assessment of teaching effectiveness using a structured-videorecorded observed teaching exercise for faculty development.
          </p>
          <p
            className="article-title"
          >
            Jones CA, Watkins FS, Williams J, Lambros A, Callahan KE, Lawlor J, Williamson JD, High KP, Atkinson HH.
          </p>
          <p
            className="article-title"
          >
            Medical education online  
            <strong>
                2019
            </strong>
          </p>
        </div>
        <div
          style={
            Object {
              "alignSelf": "flex-start",
              "marginLeft": "15px",
            }
          }
        >
          <button
            aria-label={null}
            className="article-button view btn btn-secondary btn-sm"
            onClick={[Function]}
            type="button"
          >
            view article
          </button>
          <button
            aria-label={null}
            className="article-button warn btn btn-secondary btn-sm"
            onClick={[Function]}
            type="button"
          >
            remove
          </button>
        </div>
      </div>
      <div
        className="article-result"
      >
        <div
          style={
            Object {
              "alignItems": "flex-start",
              "display": "flex",
              "flexDirection": "column",
              "justifyContent": "space-around",
              "width": "100%",
            }
          }
        >
          <p
            className="article-title"
          >
            Development of Statistical Software for the Korean Laboratory Accreditation Program Using R Language: LaboStats.
          </p>
          <p
            className="article-title"
          >
            Kim Y, Park HI, Lee HK, Nam HS, Lee YW, Lee SG, Park Y, Lee W, Nam MH, Song SH, Chung JW, Lee J.
          </p>
          <p
            className="article-title"
          >
            Annals of laboratory medicine  
            <strong>
                2019
            </strong>
          </p>
        </div>
        <div
          style={
            Object {
              "alignSelf": "flex-start",
              "marginLeft": "15px",
            }
          }
        >
          <button
            aria-label={null}
            className="article-button view btn btn-secondary btn-sm"
            onClick={[Function]}
            type="button"
          >
            view article
          </button>
          <button
            aria-label={null}
            className="article-button warn btn btn-secondary btn-sm"
            onClick={[Function]}
            type="button"
          >
            remove
          </button>
        </div>
      </div>
      <div
        className="article-result"
      >
        <div
          style={
            Object {
              "alignItems": "flex-start",
              "display": "flex",
              "flexDirection": "column",
              "justifyContent": "space-around",
              "width": "100%",
            }
          }
        >
          <p
            className="article-title"
          >
            Comparison of Six Commercial Diagnostic Tests for the Detection of Dengue Virus Non-Structural-1 Antigen and IgM/IgG Antibodies.
          </p>
          <p
            className="article-title"
          >
            Lee H, Ryu JH, Park HS, Park KH, Bae H, Yun S, Choi AR, Cho SY, Park C, Lee DG, Lim J, Lee J, Lee S, Shin S, Park H, Oh EJ.
          </p>
          <p
            className="article-title"
          >
            Annals of laboratory medicine  
            <strong>
                2019
            </strong>
          </p>
        </div>
        <div
          style={
            Object {
              "alignSelf": "flex-start",
              "marginLeft": "15px",
            }
          }
        >
          <button
            aria-label={null}
            className="article-button view btn btn-secondary btn-sm"
            onClick={[Function]}
            type="button"
          >
            view article
          </button>
          <button
            aria-label={null}
            className="article-button warn btn btn-secondary btn-sm"
            onClick={[Function]}
            type="button"
          >
            remove
          </button>
        </div>
      </div>
      <div
        className="article-result"
      >
        <div
          style={
            Object {
              "alignItems": "flex-start",
              "display": "flex",
              "flexDirection": "column",
              "justifyContent": "space-around",
              "width": "100%",
            }
          }
        >
          <p
            className="article-title"
          >
            Improvement in External Quality Assessment Results for Qualitative Fecal Immunochemical Tests in Korea After Feedback to Manufacturers.
          </p>
          <p
            className="article-title"
          >
            Lee W, Ryoo N, Suh HS, Jeon CH, Urinalysis and Routine Microscopy Subcommittee, Korean Association of External Quality Assessment Service.
          </p>
          <p
            className="article-title"
          >
            Annals of laboratory medicine  
            <strong>
                2019
            </strong>
          </p>
        </div>
        <div
          style={
            Object {
              "alignSelf": "flex-start",
              "marginLeft": "15px",
            }
          }
        >
          <button
            aria-label={null}
            className="article-button view btn btn-secondary btn-sm"
            onClick={[Function]}
            type="button"
          >
            view article
          </button>
          <button
            aria-label={null}
            className="article-button warn btn btn-secondary btn-sm"
            onClick={[Function]}
            type="button"
          >
            remove
          </button>
        </div>
      </div>
      <div
        className="article-result"
      >
        <div
          style={
            Object {
              "alignItems": "flex-start",
              "display": "flex",
              "flexDirection": "column",
              "justifyContent": "space-around",
              "width": "100%",
            }
          }
        >
          <p
            className="article-title"
          >
            First Isolation of Mycobacterium virginiense From a Human Pulmonary Specimen.
          </p>
          <p
            className="article-title"
          >
            Jung J, Yoo IY, Jhun BW, Koh WJ, Lee NY, Huh HJ.
          </p>
          <p
            className="article-title"
          >
            Annals of laboratory medicine  
            <strong>
                2019
            </strong>
          </p>
        </div>
        <div
          style={
            Object {
              "alignSelf": "flex-start",
              "marginLeft": "15px",
            }
          }
        >
          <button
            aria-label={null}
            className="article-button view btn btn-secondary btn-sm"
            onClick={[Function]}
            type="button"
          >
            view article
          </button>
          <button
            aria-label={null}
            className="article-button warn btn btn-secondary btn-sm"
            onClick={[Function]}
            type="button"
          >
            remove
          </button>
        </div>
      </div>
    </div>
    <div
      className="outline"
    >
      <div
        className="row"
        style={
          Object {
            "backgroundColor": "rgba(0, 0, 0, 0.24)",
            "borderRadius": "8px",
            "padding": "15px",
            "width": "100%",
          }
        }
      >
        <div
          className="row"
        >
          <p
            className="collection-title"
          >
            <strong>
              second collection 
            </strong>
             [ 10 ]
          </p>
        </div>
        <div
          style={
            Object {
              "padding": "10px",
            }
          }
        >
          <button
            aria-label={null}
            className="add article-button btn btn-secondary btn-sm"
            onClick={[Function]}
            type="button"
          >
            preview
          </button>
        </div>
      </div>
      <div
        className="article-result"
      >
        <div
          style={
            Object {
              "alignItems": "flex-start",
              "display": "flex",
              "flexDirection": "column",
              "justifyContent": "space-around",
              "width": "100%",
            }
          }
        >
          <p
            className="article-title"
          >
            Improving access to Indigenous medicine for patients in hospital-based settings: a challenge for health systems in northern Canada.
          </p>
          <p
            className="article-title"
          >
            Redvers N, Marianayagam J, Blondin B.
          </p>
          <p
            className="article-title"
          >
            International journal of circumpolar health  
            <strong>
                2019
            </strong>
          </p>
        </div>
        <div
          style={
            Object {
              "alignSelf": "flex-start",
              "marginLeft": "15px",
            }
          }
        >
          <button
            aria-label={null}
            className="article-button view btn btn-secondary btn-sm"
            onClick={[Function]}
            type="button"
          >
            view article
          </button>
          <button
            aria-label={null}
            className="article-button warn btn btn-secondary btn-sm"
            onClick={[Function]}
            type="button"
          >
            remove
          </button>
        </div>
      </div>
      <div
        className="article-result"
      >
        <div
          style={
            Object {
              "alignItems": "flex-start",
              "display": "flex",
              "flexDirection": "column",
              "justifyContent": "space-around",
              "width": "100%",
            }
          }
        >
          <p
            className="article-title"
          >
            Serotype Distribution and Antimicrobial Resistance of Invasive and Noninvasive Streptococcus pneumoniae Isolates in Korea between 2014 and 2016.
          </p>
          <p
            className="article-title"
          >
            Park DC, Kim SH, Yong D, Suh IB, Kim YR, Yi J, Song W, Song SA, Moon HW, Lee HK, Park KU, Kim S, Jeong SH, Lee J, Jeong J, Kim YK, Lee M, Cho J, Kim JW, Shin KS, Hwang SH, Chung JW, Woo HI, Lee CH, Ryoo N, Chang CL, Kim HS, Kim J, Shin JH, Kim SH, Lee MK, Lee SG, Jang SJ, Lee K, Suh H, Sohn YH, Kwon MJ, Lee HJ, Hong KH, Woo KS, Park CM, Shin JH.
          </p>
          <p
            className="article-title"
          >
            Annals of laboratory medicine  
            <strong>
                2019
            </strong>
          </p>
        </div>
        <div
          style={
            Object {
              "alignSelf": "flex-start",
              "marginLeft": "15px",
            }
          }
        >
          <button
            aria-label={null}
            className="article-button view btn btn-secondary btn-sm"
            onClick={[Function]}
            type="button"
          >
            view article
          </button>
          <button
            aria-label={null}
            className="article-button warn btn btn-secondary btn-sm"
            onClick={[Function]}
            type="button"
          >
            remove
          </button>
        </div>
      </div>
      <div
        className="article-result"
      >
        <div
          style={
            Object {
              "alignItems": "flex-start",
              "display": "flex",
              "flexDirection": "column",
              "justifyContent": "space-around",
              "width": "100%",
            }
          }
        >
          <p
            className="article-title"
          >
            Long-term safety and efficacy of deferasirox in patients with myelodysplastic syndrome, aplastic anemia and other rare anemia in Taiwan.
          </p>
          <p
            className="article-title"
          >
            Ko BS, Chang MC, Chiou TJ, Chang TK, Chen YC, Lin SF, Chang CS, Lu YC, Yeh SP, Chen TY, Hwang WS.
          </p>
          <p
            className="article-title"
          >
            Hematology (Amsterdam, Netherlands)  
            <strong>
                2019
            </strong>
          </p>
        </div>
        <div
          style={
            Object {
              "alignSelf": "flex-start",
              "marginLeft": "15px",
            }
          }
        >
          <button
            aria-label={null}
            className="article-button view btn btn-secondary btn-sm"
            onClick={[Function]}
            type="button"
          >
            view article
          </button>
          <button
            aria-label={null}
            className="article-button warn btn btn-secondary btn-sm"
            onClick={[Function]}
            type="button"
          >
            remove
          </button>
        </div>
      </div>
      <div
        className="article-result"
      >
        <div
          style={
            Object {
              "alignItems": "flex-start",
              "display": "flex",
              "flexDirection": "column",
              "justifyContent": "space-around",
              "width": "100%",
            }
          }
        >
          <p
            className="article-title"
          >
            Culinary medicine and community partnership: hands-on culinary skills training to empower medical students to provide patient-centered nutrition education. 
          </p>
          <p
            className="article-title"
          >
            Pang B, Memel Z, Diamant C, Clarke E, Chou S, Gregory H.
          </p>
          <p
            className="article-title"
          >
            Medical education online  
            <strong>
                2019
            </strong>
          </p>
        </div>
        <div
          style={
            Object {
              "alignSelf": "flex-start",
              "marginLeft": "15px",
            }
          }
        >
          <button
            aria-label={null}
            className="article-button view btn btn-secondary btn-sm"
            onClick={[Function]}
            type="button"
          >
            view article
          </button>
          <button
            aria-label={null}
            className="article-button warn btn btn-secondary btn-sm"
            onClick={[Function]}
            type="button"
          >
            remove
          </button>
        </div>
      </div>
      <div
        className="article-result"
      >
        <div
          style={
            Object {
              "alignItems": "flex-start",
              "display": "flex",
              "flexDirection": "column",
              "justifyContent": "space-around",
              "width": "100%",
            }
          }
        >
          <p
            className="article-title"
          >
            First Case in Korea of a Patient With Anti-PP1Pk Antibodies: Successful Blood Management via Acute Normovolemic Hemodilution.
          </p>
          <p
            className="article-title"
          >
            Ha C, Choi S, Yu H, Chun S, Kim KH, Lee JH, Han IW, Cho D.
          </p>
          <p
            className="article-title"
          >
            Annals of laboratory medicine  
            <strong>
                2019
            </strong>
          </p>
        </div>
        <div
          style={
            Object {
              "alignSelf": "flex-start",
              "marginLeft": "15px",
            }
          }
        >
          <button
            aria-label={null}
            className="article-button view btn btn-secondary btn-sm"
            onClick={[Function]}
            type="button"
          >
            view article
          </button>
          <button
            aria-label={null}
            className="article-button warn btn btn-secondary btn-sm"
            onClick={[Function]}
            type="button"
          >
            remove
          </button>
        </div>
      </div>
      <div
        className="article-result"
      >
        <div
          style={
            Object {
              "alignItems": "flex-start",
              "display": "flex",
              "flexDirection": "column",
              "justifyContent": "space-around",
              "width": "100%",
            }
          }
        >
          <p
            className="article-title"
          >
            A 360-degree assessment of teaching effectiveness using a structured-videorecorded observed teaching exercise for faculty development.
          </p>
          <p
            className="article-title"
          >
            Jones CA, Watkins FS, Williams J, Lambros A, Callahan KE, Lawlor J, Williamson JD, High KP, Atkinson HH.
          </p>
          <p
            className="article-title"
          >
            Medical education online  
            <strong>
                2019
            </strong>
          </p>
        </div>
        <div
          style={
            Object {
              "alignSelf": "flex-start",
              "marginLeft": "15px",
            }
          }
        >
          <button
            aria-label={null}
            className="article-button view btn btn-secondary btn-sm"
            onClick={[Function]}
            type="button"
          >
            view article
          </button>
          <button
            aria-label={null}
            className="article-button warn btn btn-secondary btn-sm"
            onClick={[Function]}
            type="button"
          >
            remove
          </button>
        </div>
      </div>
      <div
        className="article-result"
      >
        <div
          style={
            Object {
              "alignItems": "flex-start",
              "display": "flex",
              "flexDirection": "column",
              "justifyContent": "space-around",
              "width": "100%",
            }
          }
        >
          <p
            className="article-title"
          >
            Development of Statistical Software for the Korean Laboratory Accreditation Program Using R Language: LaboStats.
          </p>
          <p
            className="article-title"
          >
            Kim Y, Park HI, Lee HK, Nam HS, Lee YW, Lee SG, Park Y, Lee W, Nam MH, Song SH, Chung JW, Lee J.
          </p>
          <p
            className="article-title"
          >
            Annals of laboratory medicine  
            <strong>
                2019
            </strong>
          </p>
        </div>
        <div
          style={
            Object {
              "alignSelf": "flex-start",
              "marginLeft": "15px",
            }
          }
        >
          <button
            aria-label={null}
            className="article-button view btn btn-secondary btn-sm"
            onClick={[Function]}
            type="button"
          >
            view article
          </button>
          <button
            aria-label={null}
            className="article-button warn btn btn-secondary btn-sm"
            onClick={[Function]}
            type="button"
          >
            remove
          </button>
        </div>
      </div>
      <div
        className="article-result"
      >
        <div
          style={
            Object {
              "alignItems": "flex-start",
              "display": "flex",
              "flexDirection": "column",
              "justifyContent": "space-around",
              "width": "100%",
            }
          }
        >
          <p
            className="article-title"
          >
            Comparison of Six Commercial Diagnostic Tests for the Detection of Dengue Virus Non-Structural-1 Antigen and IgM/IgG Antibodies.
          </p>
          <p
            className="article-title"
          >
            Lee H, Ryu JH, Park HS, Park KH, Bae H, Yun S, Choi AR, Cho SY, Park C, Lee DG, Lim J, Lee J, Lee S, Shin S, Park H, Oh EJ.
          </p>
          <p
            className="article-title"
          >
            Annals of laboratory medicine  
            <strong>
                2019
            </strong>
          </p>
        </div>
        <div
          style={
            Object {
              "alignSelf": "flex-start",
              "marginLeft": "15px",
            }
          }
        >
          <button
            aria-label={null}
            className="article-button view btn btn-secondary btn-sm"
            onClick={[Function]}
            type="button"
          >
            view article
          </button>
          <button
            aria-label={null}
            className="article-button warn btn btn-secondary btn-sm"
            onClick={[Function]}
            type="button"
          >
            remove
          </button>
        </div>
      </div>
      <div
        className="article-result"
      >
        <div
          style={
            Object {
              "alignItems": "flex-start",
              "display": "flex",
              "flexDirection": "column",
              "justifyContent": "space-around",
              "width": "100%",
            }
          }
        >
          <p
            className="article-title"
          >
            Improvement in External Quality Assessment Results for Qualitative Fecal Immunochemical Tests in Korea After Feedback to Manufacturers.
          </p>
          <p
            className="article-title"
          >
            Lee W, Ryoo N, Suh HS, Jeon CH, Urinalysis and Routine Microscopy Subcommittee, Korean Association of External Quality Assessment Service.
          </p>
          <p
            className="article-title"
          >
            Annals of laboratory medicine  
            <strong>
                2019
            </strong>
          </p>
        </div>
        <div
          style={
            Object {
              "alignSelf": "flex-start",
              "marginLeft": "15px",
            }
          }
        >
          <button
            aria-label={null}
            className="article-button view btn btn-secondary btn-sm"
            onClick={[Function]}
            type="button"
          >
            view article
          </button>
          <button
            aria-label={null}
            className="article-button warn btn btn-secondary btn-sm"
            onClick={[Function]}
            type="button"
          >
            remove
          </button>
        </div>
      </div>
      <div
        className="article-result"
      >
        <div
          style={
            Object {
              "alignItems": "flex-start",
              "display": "flex",
              "flexDirection": "column",
              "justifyContent": "space-around",
              "width": "100%",
            }
          }
        >
          <p
            className="article-title"
          >
            First Isolation of Mycobacterium virginiense From a Human Pulmonary Specimen.
          </p>
          <p
            className="article-title"
          >
            Jung J, Yoo IY, Jhun BW, Koh WJ, Lee NY, Huh HJ.
          </p>
          <p
            className="article-title"
          >
            Annals of laboratory medicine  
            <strong>
                2019
            </strong>
          </p>
        </div>
        <div
          style={
            Object {
              "alignSelf": "flex-start",
              "marginLeft": "15px",
            }
          }
        >
          <button
            aria-label={null}
            className="article-button view btn btn-secondary btn-sm"
            onClick={[Function]}
            type="button"
          >
            view article
          </button>
          <button
            aria-label={null}
            className="article-button warn btn btn-secondary btn-sm"
            onClick={[Function]}
            type="button"
          >
            remove
          </button>
        </div>
      </div>
    </div>
  </div>
</div>
`;
