// Jest Snapshot v1, https://goo.gl/fbAQLP

exports[`renders correctly 1`] = `
<div
  className="page"
>
  <div
    className="glass"
  >
    <div
      className="header left-all-col"
    >
      <h2
        className="title"
      >
        PubMed Central
      </h2>
      <h4
        className="subtitle"
        style={
          Object {
            "alignSelf": "center",
          }
        }
      >
        making research accessible
      </h4>
    </div>
  </div>
  <div
    className="row no-gutters row-eq-height"
  >
    <div
      className="col col-12 col-sm-8"
    >
      <div
        className="glass"
        style={
          Object {
            "alignItems": "flex-start",
            "display": "flex",
            "flexDirection": "column",
            "height": "100%",
            "justifyContent": "space-between",
          }
        }
      >
        <p
          className="thread-title"
        >
          Welcome!
        </p>
        <div>
          <p
            className="thread-text"
            style={
              Object {
                "alignSelf": "flex-start",
              }
            }
          >
            PubMed Central (PMC) is a free digital repository that archives 
  publicly accessible full-text scholarly articles that have been published within the 
  biomedical and life sciences journal literature. This website is a portal to the resources
  provided to the public by PMC. Hopefully, this site will enable researchers to more efficiently
  organize, share and discuss scientific and medical literature. 
          </p>
        </div>
        <div
          style={
            Object {
              "margin": "0px 14px",
            }
          }
        >
          <button
            aria-label={null}
            className="article-button btn btn-primary btn-sm"
            onClick={[Function]}
          >
            <a
              href="/about"
              onClick={[Function]}
              style={
                Object {
                  "color": "white",
                }
              }
            >
              read more
            </a>
          </button>
        </div>
      </div>
    </div>
    <div
      className="col col-12 col-sm-4"
    >
      <div
        className="glass"
        style={
          Object {
            "alignItems": "flex-start",
            "display": "flex",
            "flexDirection": "column",
            "height": "100%",
            "justifyContent": "space-between",
          }
        }
      >
        <p
          className="thread-title"
        >
          Resources
        </p>
        <div>
          <p
            className="thread-text"
            style={
              Object {
                "alignSelf": "flex-start",
              }
            }
          >
            abstracts &gt; 35 million
          </p>
          <p
            className="thread-text"
            style={
              Object {
                "alignSelf": "flex-start",
              }
            }
          >
            full text articles &gt; 5 million
          </p>
          <p
            className="thread-text"
            style={
              Object {
                "alignSelf": "flex-start",
              }
            }
          >
            patents &gt; 4 million
          </p>
          <p
            className="thread-text"
            style={
              Object {
                "alignSelf": "flex-start",
              }
            }
          >
            preprints &gt; 80,000
          </p>
          <p
            className="thread-text"
            style={
              Object {
                "alignSelf": "flex-start",
              }
            }
          >
            NIH clinical guidelines &gt; 800
          </p>
        </div>
        <div
          style={
            Object {
              "margin": "0px 14px",
            }
          }
        >
          <button
            aria-label={null}
            className="article-button btn btn-primary btn-sm"
            onClick={[Function]}
          >
            <a
              href="/search"
              onClick={[Function]}
              style={
                Object {
                  "color": "white",
                }
              }
            >
              find resources
            </a>
          </button>
        </div>
      </div>
    </div>
  </div>
  <div
    className="row no-gutters row-eq-height"
  >
    <div
      className="col col-12 col-sm-4"
    >
      <div
        className="glass"
        style={
          Object {
            "alignItems": "flex-start",
            "display": "flex",
            "flexDirection": "column",
            "height": "100%",
            "justifyContent": "space-between",
          }
        }
      >
        <p
          className="thread-title"
        >
          Journals
        </p>
        <div>
          <p
            className="thread-text"
            style={
              Object {
                "alignSelf": "flex-start",
              }
            }
          >
            Nature
          </p>
          <p
            className="thread-text"
            style={
              Object {
                "alignSelf": "flex-start",
              }
            }
          >
            Science
          </p>
          <p
            className="thread-text"
            style={
              Object {
                "alignSelf": "flex-start",
              }
            }
          >
            Anatomy and Cell Biology
          </p>
          <p
            className="thread-text"
            style={
              Object {
                "alignSelf": "flex-start",
              }
            }
          >
            PLoS Genetics
          </p>
          <p
            className="thread-text"
            style={
              Object {
                "alignSelf": "flex-start",
              }
            }
          >
            Frontiers in Chemistry
          </p>
          <p
            className="thread-text"
            style={
              Object {
                "alignSelf": "flex-start",
              }
            }
          >
            PNAS
          </p>
        </div>
        <div
          style={
            Object {
              "margin": "0px 14px",
            }
          }
        >
          <button
            aria-label={null}
            className="article-button btn btn-primary btn-sm"
            onClick={[Function]}
          >
            <a
              href="/search"
              onClick={[Function]}
              style={
                Object {
                  "color": "white",
                }
              }
            >
              search the literature
            </a>
          </button>
        </div>
      </div>
    </div>
    <div
      className="col col-12 col-sm-8"
    >
      <div
        className="glass"
        style={
          Object {
            "alignItems": "flex-start",
            "display": "flex",
            "flexDirection": "column",
            "height": "100%",
            "justifyContent": "space-between",
          }
        }
      >
        <p
          className="thread-title"
        >
          Research
        </p>
        <div>
          <p
            className="thread-text"
            style={
              Object {
                "alignSelf": "flex-start",
              }
            }
          >
            Use this site to mine literature, organize resources, and connect with other reseachers! Using the tools
    found here, you can:
          </p>
          <p
            className="thread-text"
            style={
              Object {
                "alignSelf": "flex-start",
              }
            }
          >
               - Quickly compile lists of important publications and research.
          </p>
          <p
            className="thread-text"
            style={
              Object {
                "alignSelf": "flex-start",
              }
            }
          >
               - Connect with other researchers in a public forum to share thoughts and dscuss the latest scientific findings.
          </p>
          <p
            className="thread-text"
            style={
              Object {
                "alignSelf": "flex-start",
              }
            }
          >
               - Hopefully enjoy the process of literature mining a little more than you used to!
          </p>
        </div>
        <div
          style={
            Object {
              "margin": "0px 14px",
            }
          }
        >
          <button
            aria-label={null}
            className="article-button btn btn-primary btn-sm"
            onClick={[Function]}
          >
            <a
              href="/search"
              onClick={[Function]}
              style={
                Object {
                  "color": "white",
                }
              }
            >
              start mining
            </a>
          </button>
          <button
            aria-label={null}
            className="article-button btn btn-primary btn-sm"
            onClick={[Function]}
          >
            <a
              href="/profile"
              onClick={[Function]}
              style={
                Object {
                  "color": "white",
                }
              }
            >
              register
            </a>
          </button>
          <button
            aria-label={null}
            className="article-button btn btn-primary btn-sm"
            onClick={[Function]}
          >
            <a
              href="/about"
              onClick={[Function]}
              style={
                Object {
                  "color": "white",
                }
              }
            >
              learn more
            </a>
          </button>
        </div>
      </div>
    </div>
  </div>
</div>
`;
