// Jest Snapshot v1, https://goo.gl/fbAQLP

exports[`ProfilePage renders correctly 1`] = `
<div
  className="page"
>
  <div
    className="glass page-content"
  >
    <div
      className="header left-all-col"
    >
      <h2
        className="title"
      >
        Your Profile
      </h2>
      <h4
        className="subtitle"
        style={
          Object {
            "alignSelf": "center",
          }
        }
      >
        say something about you
      </h4>
    </div>
    <div
      className="outline signin"
      style={
        Object {
          "padding": "20px",
        }
      }
    >
      <p
        className="thread-title"
        style={
          Object {
            "alignSelf": "flex-start",
            "fontWeight": "bold",
          }
        }
      >
        Welcome Back
      </p>
      <p
        className="paragraph"
      >
        Login to your account to find scientific literature and connect with other researchers!
      </p>
      <p
        className="thread-title"
        style={
          Object {
            "alignSelf": "flex-start",
            "fontWeight": "bold",
          }
        }
      >
        Don't have an account?
      </p>
      <p
        className="paragraph"
      >
        If you don't already have an account, you can sign up by checking the new user box below
          and confirming your password.
      </p>
      <p
        className="thread-title"
        style={
          Object {
            "alignSelf": "flex-start",
            "fontWeight": "bold",
          }
        }
      >
        Why should I make account?
      </p>
      <p
        className="paragraph"
      >
        You are welcome to use the site however you like, and we invite you to do so! However, certain
          tools on the site are limited to logged in users, such as saving information to our servers, as well as
          posting and participating in thread discussions. With just an email address and confirmed password, you 
          can access everything the site has to offer! It only takes 10-15 seconds.
      </p>
      <form
        className=""
        onSubmit={[Function]}
        style={
          Object {
            "margin": 0,
            "maxWidth": "300px",
            "padding": 0,
            "width": "80%",
          }
        }
      >
        <p>
          Enter your information below
        </p>
        <input
          className="form-control"
          name="email"
          onChange={[Function]}
          placeholder="email"
          style={
            Object {
              "margin": 0,
              "marginTop": "8px",
            }
          }
          type="email"
        />
        <input
          className="form-control"
          name="password"
          onChange={[Function]}
          placeholder="password"
          style={
            Object {
              "margin": 0,
              "marginTop": "8px",
            }
          }
          type="password"
        />
        <span />
        <div
          className="form-check"
          style={
            Object {
              "marginTop": "8px",
            }
          }
        >
          <label
            className="form-check-label"
          >
            <input
              checked={false}
              className="form-check-input"
              onChange={[Function]}
              type="checkbox"
            />
            <p>
              new user?
            </p>
          </label>
        </div>
        <button
          aria-label={null}
          className="btn btn-primary"
          onClick={[Function]}
          type="submit"
        >
          login
        </button>
      </form>
    </div>
  </div>
</div>
`;
