// Jest Snapshot v1, https://goo.gl/fbAQLP

exports[`SearchPage renders correctly 1`] = `
<div
  className="page"
>
  <div
    className="glass page-content"
  >
    <div
      className="heading"
    >
      <h2
        className="title"
      >
        PMC Search
      </h2>
      <h4
        className="subtitle"
      >
        abstracts, full text & more
      </h4>
    </div>
    <form
      className="search-input"
      onSubmit={[Function]}
    >
      <div
        className="input-group"
      >
        <input
          className="form-control"
          onChange={[Function]}
          placeholder="articles, patents, clinical guidelines ..."
          style={
            Object {
              "borderRadius": "25px",
            }
          }
          type="text"
          value="medicine"
        />
      </div>
    </form>
    <div
      className="left-all-row"
      style={
        Object {
          "padding": "0px 24px",
        }
      }
    >
      <p
        className="thread-text"
      >
        sort by:
      </p>
      <button
        aria-label={null}
        className="sort-link btn btn-link btn-sm"
        onClick={[Function]}
        type="button"
      >
        date
      </button>
      <button
        aria-label={null}
        className="sort-link btn btn-link btn-sm"
        onClick={[Function]}
        type="button"
      >
        cited
      </button>
      <button
        aria-label={null}
        className="sort-link btn btn-link btn-sm"
        onClick={[Function]}
        type="button"
      >
        relevance
      </button>
    </div>
    <div
      className="outline"
    >
      <div
        id="loader"
      >
        <div>
          <svg
            fill="whitesmoke"
            height={100}
            viewBox="0 0 120 30"
            width={100}
            xmlns="http://www.w3.org/2000/svg"
          >
            <circle
              cx="15"
              cy="15"
              r="15"
            >
              <animate
                attributeName="r"
                begin="0s"
                calcMode="linear"
                dur="0.8s"
                from="15"
                repeatCount="indefinite"
                to="15"
                values="15;9;15"
              />
              <animate
                attributeName="fillOpacity"
                begin="0s"
                calcMode="linear"
                dur="0.8s"
                from="1"
                repeatCount="indefinite"
                to="1"
                values="1;.5;1"
              />
            </circle>
            <circle
              attributeName="fillOpacity"
              cx="60"
              cy="15"
              from="1"
              r="9"
              to="0.3"
            >
              <animate
                attributeName="r"
                begin="0s"
                calcMode="linear"
                dur="0.8s"
                from="9"
                repeatCount="indefinite"
                to="9"
                values="9;15;9"
              />
              <animate
                attributeName="fillOpacity"
                begin="0s"
                calcMode="linear"
                dur="0.8s"
                from="0.5"
                repeatCount="indefinite"
                to="0.5"
                values=".5;1;.5"
              />
            </circle>
            <circle
              cx="105"
              cy="15"
              r="15"
            >
              <animate
                attributeName="r"
                begin="0s"
                calcMode="linear"
                dur="0.8s"
                from="15"
                repeatCount="indefinite"
                to="15"
                values="15;9;15"
              />
              <animate
                attributeName="fillOpacity"
                begin="0s"
                calcMode="linear"
                dur="0.8s"
                from="1"
                repeatCount="indefinite"
                to="1"
                values="1;.5;1"
              />
            </circle>
          </svg>
        </div>
      </div>
    </div>
  </div>
</div>
`;
