// Jest Snapshot v1, https://goo.gl/fbAQLP

exports[`ThreadPage renders correctly 1`] = `
<div
  className="page"
>
  <div
    className="glass page-content"
  >
    <div
      className="heading"
    >
      <h2
        className="title"
      >
        PMC Threads
      </h2>
      <h4
        className="subtitle"
      >
        post a thread to start a discussion
      </h4>
    </div>
    <div
      className="outline"
      style={
        Object {
          "position": "relative",
        }
      }
    >
      <div
        className="fade"
        style={
          Object {
            "display": "flex",
            "flexDirection": "row",
            "position": "absolute",
            "right": "30px",
            "top": "18px",
          }
        }
      >
        <button
          aria-label={null}
          className="add article-button btn btn-secondary btn-sm"
          onClick={[Function]}
          type="button"
        >
          +new thread
        </button>
      </div>
      <div
        id="loader"
      >
        <p
          className="thread-text"
        >
          getting threads ... 
        </p>
        <div>
          <svg
            fill="whitesmoke"
            height={100}
            viewBox="0 0 120 30"
            width={100}
            xmlns="http://www.w3.org/2000/svg"
          >
            <circle
              cx="15"
              cy="15"
              r="15"
            >
              <animate
                attributeName="r"
                begin="0s"
                calcMode="linear"
                dur="0.8s"
                from="15"
                repeatCount="indefinite"
                to="15"
                values="15;9;15"
              />
              <animate
                attributeName="fillOpacity"
                begin="0s"
                calcMode="linear"
                dur="0.8s"
                from="1"
                repeatCount="indefinite"
                to="1"
                values="1;.5;1"
              />
            </circle>
            <circle
              attributeName="fillOpacity"
              cx="60"
              cy="15"
              from="1"
              r="9"
              to="0.3"
            >
              <animate
                attributeName="r"
                begin="0s"
                calcMode="linear"
                dur="0.8s"
                from="9"
                repeatCount="indefinite"
                to="9"
                values="9;15;9"
              />
              <animate
                attributeName="fillOpacity"
                begin="0s"
                calcMode="linear"
                dur="0.8s"
                from="0.5"
                repeatCount="indefinite"
                to="0.5"
                values=".5;1;.5"
              />
            </circle>
            <circle
              cx="105"
              cy="15"
              r="15"
            >
              <animate
                attributeName="r"
                begin="0s"
                calcMode="linear"
                dur="0.8s"
                from="15"
                repeatCount="indefinite"
                to="15"
                values="15;9;15"
              />
              <animate
                attributeName="fillOpacity"
                begin="0s"
                calcMode="linear"
                dur="0.8s"
                from="1"
                repeatCount="indefinite"
                to="1"
                values="1;.5;1"
              />
            </circle>
          </svg>
        </div>
      </div>
      <div
        className="center-all-col"
      >
        <p
          className="section-title"
        >
          your threads
        </p>
        <div
          className="outline"
        >
          <div
            style={
              Object {
                "alignItems": "flex-start",
                "alignSelf": "flex-start",
                "display": "flex",
                "flexDirection": "column",
                "justifyContent": "flex-start",
                "padding": "10px",
                "width": "100%",
              }
            }
          >
            <div
              style={
                Object {
                  "display": "flex",
                  "flexDirection": "row",
                  "position": "absolute",
                  "right": "10px",
                  "top": "10px",
                }
              }
            >
              <i
                className="fas fa-edit article-button"
                onClick={[Function]}
              />
              <i
                className="fas fa-trash-alt article-button"
                onClick={[Function]}
              />
            </div>
            <p
              className="thread-title"
            >
              Sourcing of PMID: 013091283
            </p>
            <p
              className="thread-text"
            >
              <i
                className=" far fa-user"
              />
                undefined
            </p>
            <p
              className="thread-text"
            >
              @ article(s): 
              <strong>
                013091283
              </strong>
            </p>
            <hr
              style={
                Object {
                  "backgroundColor": "rgba(245,245,245,0.1)",
                  "margin": "4px",
                  "padding": 0,
                }
              }
            />
            <span
              style={
                Object {
                  "alignItems": "flex-start",
                  "display": "flex",
                  "flexDirection": "column",
                  "justifyContent": "flex-start",
                  "paddingTop": "20px",
                }
              }
            >
              <div>
                <p
                  className="thread-text"
                >
                  undefined comments
                </p>
              </div>
              <div
                className="collapse"
                style={Object {}}
              >
                <div
                  style={
                    Object {
                      "marginTop": "25px",
                    }
                  }
                >
                  <p
                    style={
                      Object {
                        "color": "silver",
                        "margin": "5px 20px",
                      }
                    }
                  >
                    Have something to say about this thread? Add a comment to join the discussion.
                  </p>
                  <textarea
                    className="form-control"
                    onChange={[Function]}
                    placeholder="Your comment here"
                    style={
                      Object {
                        "borderRadius": "6px",
                        "margin": "15px auto",
                        "padding": "8px",
                        "width": "95%",
                      }
                    }
                  />
                  <div
                    style={
                      Object {
                        "alignItems": "center",
                        "alignSelf": "flex-end",
                        "display": "flex",
                        "flexDirection": "row",
                        "justifyContent": "center",
                      }
                    }
                  >
                    <button
                      aria-label={null}
                      className="add article-button btn btn-secondary btn-sm"
                      onClick={[Function]}
                      type="button"
                    >
                      post comment
                    </button>
                    <button
                      aria-label={null}
                      className="back article-button btn btn-secondary btn-sm"
                      onClick={[Function]}
                      type="button"
                    >
                      cancel
                    </button>
                  </div>
                </div>
              </div>
              <div
                className="fade"
                style={
                  Object {
                    "alignSelf": "flex-end",
                  }
                }
              >
                <button
                  aria-label={null}
                  className="view article-button btn btn-secondary btn-sm"
                  disabled={false}
                  onClick={[Function]}
                  type="button"
                >
                  comment
                </button>
              </div>
            </span>
          </div>
        </div>
        <div
          className="outline"
        >
          <div
            style={
              Object {
                "alignItems": "flex-start",
                "alignSelf": "flex-start",
                "display": "flex",
                "flexDirection": "column",
                "justifyContent": "flex-start",
                "padding": "10px",
                "width": "100%",
              }
            }
          >
            <div
              style={
                Object {
                  "display": "flex",
                  "flexDirection": "row",
                  "position": "absolute",
                  "right": "10px",
                  "top": "10px",
                }
              }
            >
              <i
                className="fas fa-edit article-button"
                onClick={[Function]}
              />
              <i
                className="fas fa-trash-alt article-button"
                onClick={[Function]}
              />
            </div>
            <p
              className="thread-title"
            >
              Data in figure 1 of PMID: 013091283
            </p>
            <p
              className="thread-text"
            >
              <i
                className=" far fa-user"
              />
                undefined
            </p>
            <p
              className="thread-text"
            >
              @ article(s): 
              <strong>
                013091283
              </strong>
            </p>
            <hr
              style={
                Object {
                  "backgroundColor": "rgba(245,245,245,0.1)",
                  "margin": "4px",
                  "padding": 0,
                }
              }
            />
            <span
              style={
                Object {
                  "alignItems": "flex-start",
                  "display": "flex",
                  "flexDirection": "column",
                  "justifyContent": "flex-start",
                  "paddingTop": "20px",
                }
              }
            >
              <div>
                <p
                  className="thread-text"
                >
                  undefined comments
                </p>
              </div>
              <div
                className="collapse"
                style={Object {}}
              >
                <div
                  style={
                    Object {
                      "marginTop": "25px",
                    }
                  }
                >
                  <p
                    style={
                      Object {
                        "color": "silver",
                        "margin": "5px 20px",
                      }
                    }
                  >
                    Have something to say about this thread? Add a comment to join the discussion.
                  </p>
                  <textarea
                    className="form-control"
                    onChange={[Function]}
                    placeholder="Your comment here"
                    style={
                      Object {
                        "borderRadius": "6px",
                        "margin": "15px auto",
                        "padding": "8px",
                        "width": "95%",
                      }
                    }
                  />
                  <div
                    style={
                      Object {
                        "alignItems": "center",
                        "alignSelf": "flex-end",
                        "display": "flex",
                        "flexDirection": "row",
                        "justifyContent": "center",
                      }
                    }
                  >
                    <button
                      aria-label={null}
                      className="add article-button btn btn-secondary btn-sm"
                      onClick={[Function]}
                      type="button"
                    >
                      post comment
                    </button>
                    <button
                      aria-label={null}
                      className="back article-button btn btn-secondary btn-sm"
                      onClick={[Function]}
                      type="button"
                    >
                      cancel
                    </button>
                  </div>
                </div>
              </div>
              <div
                className="fade"
                style={
                  Object {
                    "alignSelf": "flex-end",
                  }
                }
              >
                <button
                  aria-label={null}
                  className="view article-button btn btn-secondary btn-sm"
                  disabled={false}
                  onClick={[Function]}
                  type="button"
                >
                  comment
                </button>
              </div>
            </span>
          </div>
        </div>
        <div
          className="outline"
        >
          <div
            style={
              Object {
                "alignItems": "flex-start",
                "alignSelf": "flex-start",
                "display": "flex",
                "flexDirection": "column",
                "justifyContent": "flex-start",
                "padding": "10px",
                "width": "100%",
              }
            }
          >
            <div
              style={
                Object {
                  "display": "flex",
                  "flexDirection": "row",
                  "position": "absolute",
                  "right": "10px",
                  "top": "10px",
                }
              }
            >
              <i
                className="fas fa-edit article-button"
                onClick={[Function]}
              />
              <i
                className="fas fa-trash-alt article-button"
                onClick={[Function]}
              />
            </div>
            <p
              className="thread-title"
            >
              Figure 3 in PMID: 013091283
            </p>
            <p
              className="thread-text"
            >
              <i
                className=" far fa-user"
              />
                undefined
            </p>
            <p
              className="thread-text"
            >
              @ article(s): 
              <strong>
                013091283
              </strong>
            </p>
            <hr
              style={
                Object {
                  "backgroundColor": "rgba(245,245,245,0.1)",
                  "margin": "4px",
                  "padding": 0,
                }
              }
            />
            <span
              style={
                Object {
                  "alignItems": "flex-start",
                  "display": "flex",
                  "flexDirection": "column",
                  "justifyContent": "flex-start",
                  "paddingTop": "20px",
                }
              }
            >
              <div>
                <p
                  className="thread-text"
                >
                  undefined comments
                </p>
              </div>
              <div
                className="collapse"
                style={Object {}}
              >
                <div
                  style={
                    Object {
                      "marginTop": "25px",
                    }
                  }
                >
                  <p
                    style={
                      Object {
                        "color": "silver",
                        "margin": "5px 20px",
                      }
                    }
                  >
                    Have something to say about this thread? Add a comment to join the discussion.
                  </p>
                  <textarea
                    className="form-control"
                    onChange={[Function]}
                    placeholder="Your comment here"
                    style={
                      Object {
                        "borderRadius": "6px",
                        "margin": "15px auto",
                        "padding": "8px",
                        "width": "95%",
                      }
                    }
                  />
                  <div
                    style={
                      Object {
                        "alignItems": "center",
                        "alignSelf": "flex-end",
                        "display": "flex",
                        "flexDirection": "row",
                        "justifyContent": "center",
                      }
                    }
                  >
                    <button
                      aria-label={null}
                      className="add article-button btn btn-secondary btn-sm"
                      onClick={[Function]}
                      type="button"
                    >
                      post comment
                    </button>
                    <button
                      aria-label={null}
                      className="back article-button btn btn-secondary btn-sm"
                      onClick={[Function]}
                      type="button"
                    >
                      cancel
                    </button>
                  </div>
                </div>
              </div>
              <div
                className="fade"
                style={
                  Object {
                    "alignSelf": "flex-end",
                  }
                }
              >
                <button
                  aria-label={null}
                  className="view article-button btn btn-secondary btn-sm"
                  disabled={false}
                  onClick={[Function]}
                  type="button"
                >
                  comment
                </button>
              </div>
            </span>
          </div>
        </div>
      </div>
    </div>
  </div>
</div>
`;
