// Jest Snapshot v1, https://goo.gl/fbAQLP

exports[`ThreadPage renders correctly 1`] = `
<div
  className="page"
>
  <div
    className="glass page-content"
  >
    <div
      className="header left-all-col"
    >
      <h2
        className="title"
      >
        PMC Threads
      </h2>
      <h4
        className="subtitle"
        style={
          Object {
            "alignSelf": "center",
          }
        }
      >
        post a thread to start a discussion
      </h4>
    </div>
    <div
      className="outline"
      style={
        Object {
          "padding": "5px",
          "position": "relative",
        }
      }
    >
      <div
        className="space-all-row"
      >
        <p
          className="thread-title"
        >
          Get input from the scientific community
        </p>
        <div
          className="fade"
          style={
            Object {
              "alignSelf": "flex-start",
              "display": "flex",
              "flexDirection": "row",
            }
          }
        >
          <button
            aria-label={null}
            className="add article-button btn btn-secondary btn-sm"
            onClick={[Function]}
            type="button"
          >
            +new thread
          </button>
        </div>
      </div>
      <p
        className="thread-text"
      >
        See what other scientists have to say about a resource, method, or scientific topic! 
                  If you are logged in, you can post and comments on as many threads as you like. If you're just visiting, feel 
                  free to browse recent threads to see the active discussions in the community.
      </p>
      <hr />
      <div
        className="center-all-col"
        style={
          Object {
            "paddingBottom": "20px",
          }
        }
      >
        <p
          className="section-title"
        >
          your threads
        </p>
        <div
          className="outline"
        >
          <div
            className="thread"
            style={
              Object {
                "width": "100%",
              }
            }
          >
            <div
              className="space-all-row"
            >
              <p
                className="thread-title"
                style={
                  Object {
                    "width": "75%",
                  }
                }
              >
                Sourcing of PMID: 013091283
              </p>
              <div
                style={
                  Object {
                    "alignSelf": "flex-start",
                    "display": "flex",
                    "flexDirection": "row",
                  }
                }
              >
                <i
                  className="fas fa-edit article-button"
                  onClick={[Function]}
                />
                <i
                  className="fas fa-trash-alt article-button"
                  onClick={[Function]}
                />
              </div>
            </div>
            <p
              className="thread-text"
            >
              <i
                className=" fas fa-user"
              />
                undefined
            </p>
            <p
              className="time"
            >
              NaN-NaN-N @ NaN:NaNam
            </p>
            <p
              className="time"
            >
              @ article(s): 013091283
            </p>
            <div
              className="left-all-row"
            >
              <p
                className="thread-text"
              >
                undefined comments
              </p>
              <button
                aria-label={null}
                className="btn btn-link btn-md"
                onClick={[Function]}
                style={
                  Object {
                    "margin": "4px",
                  }
                }
                type="button"
              >
                <i
                  className="fas fa-angle-double-down"
                />
              </button>
            </div>
            <div
              className="collapse"
              style={
                Object {
                  "width": "100%",
                }
              }
            >
              <span
                style={
                  Object {
                    "alignItems": "flex-start",
                    "display": "flex",
                    "flexDirection": "column",
                    "justifyContent": "flex-start",
                    "paddingTop": "20px",
                  }
                }
              >
                <div
                  className="collapse"
                  style={Object {}}
                >
                  <div
                    style={
                      Object {
                        "marginTop": "25px",
                      }
                    }
                  >
                    <p
                      style={
                        Object {
                          "color": "silver",
                          "margin": "5px 20px",
                        }
                      }
                    >
                      Have something to say about this thread? Add a comment to join the discussion.
                    </p>
                    <textarea
                      className="form-control"
                      onChange={[Function]}
                      placeholder="Your comment here"
                      style={
                        Object {
                          "borderRadius": "6px",
                          "margin": "15px auto",
                          "padding": "8px",
                          "width": "95%",
                        }
                      }
                    />
                    <div
                      style={
                        Object {
                          "alignItems": "center",
                          "alignSelf": "flex-end",
                          "display": "flex",
                          "flexDirection": "row",
                          "justifyContent": "center",
                        }
                      }
                    >
                      <button
                        aria-label={null}
                        className="add article-button btn btn-secondary btn-sm"
                        onClick={[Function]}
                        type="button"
                      >
                        post comment
                      </button>
                      <button
                        aria-label={null}
                        className="back article-button btn btn-secondary btn-sm"
                        onClick={[Function]}
                        type="button"
                      >
                        cancel
                      </button>
                    </div>
                  </div>
                </div>
                <div
                  className="fade"
                  style={
                    Object {
                      "alignSelf": "flex-end",
                    }
                  }
                >
                  <button
                    aria-label={null}
                    className="view article-button btn btn-secondary btn-sm"
                    disabled={false}
                    onClick={[Function]}
                    type="button"
                  >
                    comment
                  </button>
                </div>
              </span>
            </div>
          </div>
        </div>
        <div
          className="outline"
        >
          <div
            className="thread"
            style={
              Object {
                "width": "100%",
              }
            }
          >
            <div
              className="space-all-row"
            >
              <p
                className="thread-title"
                style={
                  Object {
                    "width": "75%",
                  }
                }
              >
                Data in figure 1 of PMID: 013091283
              </p>
              <div
                style={
                  Object {
                    "alignSelf": "flex-start",
                    "display": "flex",
                    "flexDirection": "row",
                  }
                }
              >
                <i
                  className="fas fa-edit article-button"
                  onClick={[Function]}
                />
                <i
                  className="fas fa-trash-alt article-button"
                  onClick={[Function]}
                />
              </div>
            </div>
            <p
              className="thread-text"
            >
              <i
                className=" fas fa-user"
              />
                undefined
            </p>
            <p
              className="time"
            >
              NaN-NaN-N @ NaN:NaNam
            </p>
            <p
              className="time"
            >
              @ article(s): 013091283
            </p>
            <div
              className="left-all-row"
            >
              <p
                className="thread-text"
              >
                undefined comments
              </p>
              <button
                aria-label={null}
                className="btn btn-link btn-md"
                onClick={[Function]}
                style={
                  Object {
                    "margin": "4px",
                  }
                }
                type="button"
              >
                <i
                  className="fas fa-angle-double-down"
                />
              </button>
            </div>
            <div
              className="collapse"
              style={
                Object {
                  "width": "100%",
                }
              }
            >
              <span
                style={
                  Object {
                    "alignItems": "flex-start",
                    "display": "flex",
                    "flexDirection": "column",
                    "justifyContent": "flex-start",
                    "paddingTop": "20px",
                  }
                }
              >
                <div
                  className="collapse"
                  style={Object {}}
                >
                  <div
                    style={
                      Object {
                        "marginTop": "25px",
                      }
                    }
                  >
                    <p
                      style={
                        Object {
                          "color": "silver",
                          "margin": "5px 20px",
                        }
                      }
                    >
                      Have something to say about this thread? Add a comment to join the discussion.
                    </p>
                    <textarea
                      className="form-control"
                      onChange={[Function]}
                      placeholder="Your comment here"
                      style={
                        Object {
                          "borderRadius": "6px",
                          "margin": "15px auto",
                          "padding": "8px",
                          "width": "95%",
                        }
                      }
                    />
                    <div
                      style={
                        Object {
                          "alignItems": "center",
                          "alignSelf": "flex-end",
                          "display": "flex",
                          "flexDirection": "row",
                          "justifyContent": "center",
                        }
                      }
                    >
                      <button
                        aria-label={null}
                        className="add article-button btn btn-secondary btn-sm"
                        onClick={[Function]}
                        type="button"
                      >
                        post comment
                      </button>
                      <button
                        aria-label={null}
                        className="back article-button btn btn-secondary btn-sm"
                        onClick={[Function]}
                        type="button"
                      >
                        cancel
                      </button>
                    </div>
                  </div>
                </div>
                <div
                  className="fade"
                  style={
                    Object {
                      "alignSelf": "flex-end",
                    }
                  }
                >
                  <button
                    aria-label={null}
                    className="view article-button btn btn-secondary btn-sm"
                    disabled={false}
                    onClick={[Function]}
                    type="button"
                  >
                    comment
                  </button>
                </div>
              </span>
            </div>
          </div>
        </div>
        <div
          className="outline"
        >
          <div
            className="thread"
            style={
              Object {
                "width": "100%",
              }
            }
          >
            <div
              className="space-all-row"
            >
              <p
                className="thread-title"
                style={
                  Object {
                    "width": "75%",
                  }
                }
              >
                Figure 3 in PMID: 013091283
              </p>
              <div
                style={
                  Object {
                    "alignSelf": "flex-start",
                    "display": "flex",
                    "flexDirection": "row",
                  }
                }
              >
                <i
                  className="fas fa-edit article-button"
                  onClick={[Function]}
                />
                <i
                  className="fas fa-trash-alt article-button"
                  onClick={[Function]}
                />
              </div>
            </div>
            <p
              className="thread-text"
            >
              <i
                className=" fas fa-user"
              />
                undefined
            </p>
            <p
              className="time"
            >
              NaN-NaN-N @ NaN:NaNam
            </p>
            <p
              className="time"
            >
              @ article(s): 013091283
            </p>
            <div
              className="left-all-row"
            >
              <p
                className="thread-text"
              >
                undefined comments
              </p>
              <button
                aria-label={null}
                className="btn btn-link btn-md"
                onClick={[Function]}
                style={
                  Object {
                    "margin": "4px",
                  }
                }
                type="button"
              >
                <i
                  className="fas fa-angle-double-down"
                />
              </button>
            </div>
            <div
              className="collapse"
              style={
                Object {
                  "width": "100%",
                }
              }
            >
              <span
                style={
                  Object {
                    "alignItems": "flex-start",
                    "display": "flex",
                    "flexDirection": "column",
                    "justifyContent": "flex-start",
                    "paddingTop": "20px",
                  }
                }
              >
                <div
                  className="collapse"
                  style={Object {}}
                >
                  <div
                    style={
                      Object {
                        "marginTop": "25px",
                      }
                    }
                  >
                    <p
                      style={
                        Object {
                          "color": "silver",
                          "margin": "5px 20px",
                        }
                      }
                    >
                      Have something to say about this thread? Add a comment to join the discussion.
                    </p>
                    <textarea
                      className="form-control"
                      onChange={[Function]}
                      placeholder="Your comment here"
                      style={
                        Object {
                          "borderRadius": "6px",
                          "margin": "15px auto",
                          "padding": "8px",
                          "width": "95%",
                        }
                      }
                    />
                    <div
                      style={
                        Object {
                          "alignItems": "center",
                          "alignSelf": "flex-end",
                          "display": "flex",
                          "flexDirection": "row",
                          "justifyContent": "center",
                        }
                      }
                    >
                      <button
                        aria-label={null}
                        className="add article-button btn btn-secondary btn-sm"
                        onClick={[Function]}
                        type="button"
                      >
                        post comment
                      </button>
                      <button
                        aria-label={null}
                        className="back article-button btn btn-secondary btn-sm"
                        onClick={[Function]}
                        type="button"
                      >
                        cancel
                      </button>
                    </div>
                  </div>
                </div>
                <div
                  className="fade"
                  style={
                    Object {
                      "alignSelf": "flex-end",
                    }
                  }
                >
                  <button
                    aria-label={null}
                    className="view article-button btn btn-secondary btn-sm"
                    disabled={false}
                    onClick={[Function]}
                    type="button"
                  >
                    comment
                  </button>
                </div>
              </span>
            </div>
          </div>
        </div>
      </div>
      <hr />
      <div
        className="center-all-col"
        style={
          Object {
            "paddingBottom": "20px",
          }
        }
      >
        <p
          className="section-title"
        >
          recent threads
        </p>
        <div
          className="left-all-row"
          style={
            Object {
              "padding": "0px 24px",
            }
          }
        >
          <p
            style={
              Object {
                "fontSize": "12px",
                "padding": "5px",
              }
            }
          >
            sort by:
          </p>
          <button
            aria-label={null}
            className="sort-link btn btn-link btn-sm"
            onClick={[Function]}
            style={
              Object {
                "color": "rgb(29, 120, 223)",
              }
            }
            type="button"
          >
            newest
          </button>
          <button
            aria-label={null}
            className="sort-link btn btn-link btn-sm"
            onClick={[Function]}
            style={
              Object {
                "color": "white",
              }
            }
            type="button"
          >
            #of comments
          </button>
        </div>
        <div
          className="outline"
        >
          <div
            className="thread"
            style={
              Object {
                "width": "100%",
              }
            }
          >
            <div
              className="space-all-row"
            >
              <p
                className="thread-title"
                style={
                  Object {
                    "width": "75%",
                  }
                }
              >
                Sourcing of PMID: 013091283
              </p>
            </div>
            <p
              className="thread-text"
            >
              <i
                className=" fas fa-user"
              />
                undefined
            </p>
            <p
              className="time"
            >
              NaN-NaN-N @ NaN:NaNam
            </p>
            <p
              className="time"
            >
              @ article(s): 013091283
            </p>
            <div
              className="left-all-row"
            >
              <p
                className="thread-text"
              >
                undefined comments
              </p>
              <button
                aria-label={null}
                className="btn btn-link btn-md"
                onClick={[Function]}
                style={
                  Object {
                    "margin": "4px",
                  }
                }
                type="button"
              >
                <i
                  className="fas fa-angle-double-down"
                />
              </button>
            </div>
            <div
              className="collapse"
              style={
                Object {
                  "width": "100%",
                }
              }
            >
              <span
                style={
                  Object {
                    "alignItems": "flex-start",
                    "display": "flex",
                    "flexDirection": "column",
                    "justifyContent": "flex-start",
                    "paddingTop": "20px",
                  }
                }
              >
                <div
                  className="collapse"
                  style={Object {}}
                >
                  <div
                    style={
                      Object {
                        "marginTop": "25px",
                      }
                    }
                  >
                    <p
                      style={
                        Object {
                          "color": "silver",
                          "margin": "5px 20px",
                        }
                      }
                    >
                      Have something to say about this thread? Add a comment to join the discussion.
                    </p>
                    <textarea
                      className="form-control"
                      onChange={[Function]}
                      placeholder="Your comment here"
                      style={
                        Object {
                          "borderRadius": "6px",
                          "margin": "15px auto",
                          "padding": "8px",
                          "width": "95%",
                        }
                      }
                    />
                    <div
                      style={
                        Object {
                          "alignItems": "center",
                          "alignSelf": "flex-end",
                          "display": "flex",
                          "flexDirection": "row",
                          "justifyContent": "center",
                        }
                      }
                    >
                      <button
                        aria-label={null}
                        className="add article-button btn btn-secondary btn-sm"
                        onClick={[Function]}
                        type="button"
                      >
                        post comment
                      </button>
                      <button
                        aria-label={null}
                        className="back article-button btn btn-secondary btn-sm"
                        onClick={[Function]}
                        type="button"
                      >
                        cancel
                      </button>
                    </div>
                  </div>
                </div>
                <div
                  className="fade"
                  style={
                    Object {
                      "alignSelf": "flex-end",
                    }
                  }
                >
                  <button
                    aria-label={null}
                    className="view article-button btn btn-secondary btn-sm"
                    disabled={false}
                    onClick={[Function]}
                    type="button"
                  >
                    comment
                  </button>
                </div>
              </span>
            </div>
          </div>
        </div>
        <div
          className="outline"
        >
          <div
            className="thread"
            style={
              Object {
                "width": "100%",
              }
            }
          >
            <div
              className="space-all-row"
            >
              <p
                className="thread-title"
                style={
                  Object {
                    "width": "75%",
                  }
                }
              >
                Figure 3 in PMID: 013091283
              </p>
            </div>
            <p
              className="thread-text"
            >
              <i
                className=" fas fa-user"
              />
                undefined
            </p>
            <p
              className="time"
            >
              NaN-NaN-N @ NaN:NaNam
            </p>
            <p
              className="time"
            >
              @ article(s): 013091283
            </p>
            <div
              className="left-all-row"
            >
              <p
                className="thread-text"
              >
                undefined comments
              </p>
              <button
                aria-label={null}
                className="btn btn-link btn-md"
                onClick={[Function]}
                style={
                  Object {
                    "margin": "4px",
                  }
                }
                type="button"
              >
                <i
                  className="fas fa-angle-double-down"
                />
              </button>
            </div>
            <div
              className="collapse"
              style={
                Object {
                  "width": "100%",
                }
              }
            >
              <span
                style={
                  Object {
                    "alignItems": "flex-start",
                    "display": "flex",
                    "flexDirection": "column",
                    "justifyContent": "flex-start",
                    "paddingTop": "20px",
                  }
                }
              >
                <div
                  className="collapse"
                  style={Object {}}
                >
                  <div
                    style={
                      Object {
                        "marginTop": "25px",
                      }
                    }
                  >
                    <p
                      style={
                        Object {
                          "color": "silver",
                          "margin": "5px 20px",
                        }
                      }
                    >
                      Have something to say about this thread? Add a comment to join the discussion.
                    </p>
                    <textarea
                      className="form-control"
                      onChange={[Function]}
                      placeholder="Your comment here"
                      style={
                        Object {
                          "borderRadius": "6px",
                          "margin": "15px auto",
                          "padding": "8px",
                          "width": "95%",
                        }
                      }
                    />
                    <div
                      style={
                        Object {
                          "alignItems": "center",
                          "alignSelf": "flex-end",
                          "display": "flex",
                          "flexDirection": "row",
                          "justifyContent": "center",
                        }
                      }
                    >
                      <button
                        aria-label={null}
                        className="add article-button btn btn-secondary btn-sm"
                        onClick={[Function]}
                        type="button"
                      >
                        post comment
                      </button>
                      <button
                        aria-label={null}
                        className="back article-button btn btn-secondary btn-sm"
                        onClick={[Function]}
                        type="button"
                      >
                        cancel
                      </button>
                    </div>
                  </div>
                </div>
                <div
                  className="fade"
                  style={
                    Object {
                      "alignSelf": "flex-end",
                    }
                  }
                >
                  <button
                    aria-label={null}
                    className="view article-button btn btn-secondary btn-sm"
                    disabled={false}
                    onClick={[Function]}
                    type="button"
                  >
                    comment
                  </button>
                </div>
              </span>
            </div>
          </div>
        </div>
      </div>
    </div>
  </div>
</div>
`;
